  LightSource.cpp
  InputManager.cpp
  Engine.cpp
C:\Dev\Sunta\Sunta\src\Engine.h(7,7): warning C4099: 'GLFWwindow': type name first seen using 'struct' now seen using 'class'
  (compiling source file 'src/Engine.cpp')
      C:\Dev\Sunta\Dependencies\GLFW\include\GLFW\glfw3.h(1403,16):
      see declaration of 'GLFWwindow'
  
  Material.cpp
  Primitives.cpp
C:\Dev\Sunta\Sunta\src\Model.h(62,4): warning C4984: 'if constexpr' is a C++17 language extension
  (compiling source file 'src/Primitives.cpp')
      C:\Dev\Sunta\Sunta\src\Model.h(52,7):
      This diagnostic occurred in the compiler generated function 'void Model::SetVertexData(aiMesh *,std::vector<T,std::allocator<_Ty>> &)'
  
C:\Dev\Sunta\Sunta\src\Primitives.cpp(9,7): warning C4099: 'TextureItem': type name first seen using 'struct' now seen using 'class'
      C:\Dev\Sunta\Sunta\src\Mesh.h(19,8):
      see declaration of 'TextureItem'
  
C:\Program Files\Microsoft Visual Studio\2022\Community\VC\Tools\MSVC\14.44.35207\include\memory(3630,56): warning C4267: 'argument': conversion from 'size_t' to 'unsigned int', possible loss of data
  (compiling source file 'src/Primitives.cpp')
      C:\Program Files\Microsoft Visual Studio\2022\Community\VC\Tools\MSVC\14.44.35207\include\memory(3630,56):
      the template instantiation context (the oldest one first) is
          C:\Dev\Sunta\Sunta\src\Primitives.cpp(89,14):
          see reference to function template instantiation 'std::unique_ptr<Mesh,std::default_delete<Mesh>> std::make_unique<Mesh,float(&)[192],size_t,std::vector<unsigned int,std::allocator<unsigned int>>&,std::vector<TextureItem,std::allocator<TextureItem>>&,BufferLayout,0>(float (&)[192],size_t &&,std::vector<unsigned int,std::allocator<unsigned int>> &,std::vector<TextureItem,std::allocator<TextureItem>> &,BufferLayout &&)' being compiled
  
  Scene.cpp
C:\Dev\Sunta\Sunta\src\Model.h(62,4): warning C4984: 'if constexpr' is a C++17 language extension
  (compiling source file 'src/Scene.cpp')
      C:\Dev\Sunta\Sunta\src\Model.h(52,7):
      This diagnostic occurred in the compiler generated function 'void Model::SetVertexData(aiMesh *,std::vector<T,std::allocator<_Ty>> &)'
  
C:\Dev\Sunta\Sunta\src\Scene.cpp(98,13): warning C4244: 'initializing': conversion from 'double' to 'float', possible loss of data
  Event.cpp
  imgui.cpp
  imgui_demo.cpp
  imgui_draw.cpp
  imgui_impl_glfw.cpp
  imgui_impl_opengl3.cpp
  imgui_tables.cpp
  imgui_widgets.cpp
  ResourceManager.cpp
C:\Dev\Sunta\Sunta\src\Model.h(62,4): warning C4984: 'if constexpr' is a C++17 language extension
  (compiling source file 'src/ResourceManager.cpp')
      C:\Dev\Sunta\Sunta\src\Model.h(52,7):
      This diagnostic occurred in the compiler generated function 'void Model::SetVertexData(aiMesh *,std::vector<T,std::allocator<_Ty>> &)'
  
  Entity.cpp
  Animation.cpp
C:\Dev\Sunta\Sunta\src\Model.h(62,4): warning C4984: 'if constexpr' is a C++17 language extension
  (compiling source file 'src/Animation.cpp')
      C:\Dev\Sunta\Sunta\src\Model.h(52,7):
      This diagnostic occurred in the compiler generated function 'void Model::SetVertexData(aiMesh *,std::vector<T,std::allocator<_Ty>> &)'
  
  Animator.cpp
C:\Dev\Sunta\Sunta\src\Model.h(62,4): warning C4984: 'if constexpr' is a C++17 language extension
  (compiling source file 'src/Animator.cpp')
      C:\Dev\Sunta\Sunta\src\Model.h(52,7):
      This diagnostic occurred in the compiler generated function 'void Model::SetVertexData(aiMesh *,std::vector<T,std::allocator<_Ty>> &)'
  
  Bone.cpp
  Mesh.cpp
C:\Program Files\Microsoft Visual Studio\2022\Community\VC\Tools\MSVC\14.44.35207\include\memory(3630,56): warning C4267: 'argument': conversion from 'size_t' to 'unsigned int', possible loss of data
  (compiling source file 'src/Mesh.cpp')
      C:\Program Files\Microsoft Visual Studio\2022\Community\VC\Tools\MSVC\14.44.35207\include\memory(3630,56):
      the template instantiation context (the oldest one first) is
          C:\Dev\Sunta\Sunta\src\Mesh.cpp(28,13):
          see reference to function template instantiation 'std::unique_ptr<ElementBuffer,std::default_delete<ElementBuffer>> std::make_unique<ElementBuffer,_Ty*,unsigned __int64,0>(_Ty *&&,unsigned __int64 &&)' being compiled
          with
          [
              _Ty=unsigned int
          ]
  
  Generating Code...
  Compiling...
  Model.cpp
C:\Dev\Sunta\Sunta\src\Model.h(62,4): warning C4984: 'if constexpr' is a C++17 language extension
  (compiling source file 'src/Model.cpp')
      C:\Dev\Sunta\Sunta\src\Model.h(52,7):
      This diagnostic occurred in the compiler generated function 'void Model::SetVertexData(aiMesh *,std::vector<T,std::allocator<_Ty>> &)'
  
C:\Dev\Sunta\Sunta\src\Model.cpp(88,48): warning C4267: 'argument': conversion from 'size_t' to 'unsigned int', possible loss of data
C:\Dev\Sunta\Sunta\src\Model.cpp(95,47): warning C4267: 'argument': conversion from 'size_t' to 'unsigned int', possible loss of data
C:\Dev\Sunta\Sunta\src\Model.cpp(101,20): warning C4018: '<': signed/unsigned mismatch
C:\Dev\Sunta\Sunta\src\Model.cpp(114,20): warning C4018: '<': signed/unsigned mismatch
C:\Dev\Sunta\Sunta\src\Model.cpp(150,33): warning C4267: '=': conversion from 'size_t' to 'unsigned int', possible loss of data
  Camera.cpp
  glm.cpp
  stb_image.cpp
  Shader.cpp
  AStar.cpp
  Grid.cpp
  ElementBuffer.cpp
  main.cpp
  Node.cpp
  Renderer.cpp
C:\Dev\Sunta\Sunta\src\Model.h(62,4): warning C4984: 'if constexpr' is a C++17 language extension
  (compiling source file 'src/Renderer.cpp')
      C:\Dev\Sunta\Sunta\src\Model.h(52,7):
      This diagnostic occurred in the compiler generated function 'void Model::SetVertexData(aiMesh *,std::vector<T,std::allocator<_Ty>> &)'
  
  Solaire.cpp
C:\Dev\Sunta\Sunta\src\Model.h(62,4): warning C4984: 'if constexpr' is a C++17 language extension
  (compiling source file 'src/Solaire.cpp')
      C:\Dev\Sunta\Sunta\src\Model.h(52,7):
      This diagnostic occurred in the compiler generated function 'void Model::SetVertexData(aiMesh *,std::vector<T,std::allocator<_Ty>> &)'
  
C:\Dev\Sunta\Sunta\src\Solaire.h(27,30): warning C4305: 'initializing': truncation from 'double' to 'const float'
  (compiling source file 'src/Solaire.cpp')
  
  VertexBuffer.cpp
  VertexArray.cpp
C:\Dev\Sunta\Sunta\src\VertexArray.cpp(35,4): warning C4312: 'type cast': conversion from 'unsigned int' to 'const void *' of greater size
C:\Dev\Sunta\Sunta\src\VertexArray.cpp(45,4): warning C4312: 'type cast': conversion from 'unsigned int' to 'const void *' of greater size
  Texture.cpp
  Time.cpp
  Generating Code...
glew32s.lib(glew.obj) : warning LNK4099: PDB 'glew_static.pdb' was not found with 'glew32s.lib(glew.obj)' or at 'C:\Dev\Sunta\bin\Debug\x64\Sunta\glew_static.pdb'; linking object as if no debug info
LINK : warning LNK4098: defaultlib 'LIBCMT' conflicts with use of other libs; use /NODEFAULTLIB:library
LINK : warning LNK4098: defaultlib 'MSVCRT' conflicts with use of other libs; use /NODEFAULTLIB:library
  Sunta.vcxproj -> C:\Dev\Sunta\bin\Debug\x64\Sunta\Sunta.dll
  C:\Dev\Sunta\Dependencies\Assimp\bin\x64\assimp-vc143-mt.dll
  C:\Dev\Sunta\Dependencies\Assimp\bin\x64\D3DCompiler_42.dll
  C:\Dev\Sunta\Dependencies\Assimp\bin\x64\D3DX9_42.dll
  3 File(s) copied
